[32m[Nest] 23556  - [39m03:46:36 01/06/2026 [32m    LOG[39m [38;5;3m[NestFactory] [39m[32mStarting Nest application...[39m
[32m[Nest] 23556  - [39m03:46:36 01/06/2026 [32m    LOG[39m [38;5;3m[InstanceLoader] [39m[32mPrismaModule dependencies initialized[39m[38;5;3m +22ms[39m
[32m[Nest] 23556  - [39m03:46:36 01/06/2026 [32m    LOG[39m [38;5;3m[InstanceLoader] [39m[32mConfigHostModule dependencies initialized[39m[38;5;3m +1ms[39m
[32m[Nest] 23556  - [39m03:46:36 01/06/2026 [32m    LOG[39m [38;5;3m[InstanceLoader] [39m[32mDiscoveryModule dependencies initialized[39m[38;5;3m +1ms[39m
[32m[Nest] 23556  - [39m03:46:36 01/06/2026 [32m    LOG[39m [38;5;3m[InstanceLoader] [39m[32mAppModule dependencies initialized[39m[38;5;3m +2ms[39m
[32m[Nest] 23556  - [39m03:46:36 01/06/2026 [32m    LOG[39m [38;5;3m[InstanceLoader] [39m[32mConfigModule dependencies initialized[39m[38;5;3m +1ms[39m
[32m[Nest] 23556  - [39m03:46:36 01/06/2026 [32m    LOG[39m [38;5;3m[InstanceLoader] [39m[32mConfigModule dependencies initialized[39m[38;5;3m +0ms[39m
[32m[Nest] 23556  - [39m03:46:36 01/06/2026 [32m    LOG[39m [38;5;3m[InstanceLoader] [39m[32mReportsModule dependencies initialized[39m[38;5;3m +0ms[39m
[32m[Nest] 23556  - [39m03:46:36 01/06/2026 [32m    LOG[39m [38;5;3m[InstanceLoader] [39m[32mRedisModule dependencies initialized[39m[38;5;3m +0ms[39m
[32m[Nest] 23556  - [39m03:46:36 01/06/2026 [32m    LOG[39m [38;5;3m[InstanceLoader] [39m[32mBullModule dependencies initialized[39m[38;5;3m +1ms[39m
[32m[Nest] 23556  - [39m03:46:36 01/06/2026 [32m    LOG[39m [38;5;3m[InstanceLoader] [39m[32mBullModule dependencies initialized[39m[38;5;3m +0ms[39m
[32m[Nest] 23556  - [39m03:46:36 01/06/2026 [32m    LOG[39m [38;5;3m[InstanceLoader] [39m[32mBranchesModule dependencies initialized[39m[38;5;3m +0ms[39m
[32m[Nest] 23556  - [39m03:46:36 01/06/2026 [32m    LOG[39m [38;5;3m[InstanceLoader] [39m[32mMenuModule dependencies initialized[39m[38;5;3m +0ms[39m
[32m[Nest] 23556  - [39m03:46:36 01/06/2026 [32m    LOG[39m [38;5;3m[InstanceLoader] [39m[32mCustomersModule dependencies initialized[39m[38;5;3m +1ms[39m
[32m[Nest] 23556  - [39m03:46:36 01/06/2026 [32m    LOG[39m [38;5;3m[InstanceLoader] [39m[32mLoyaltyModule dependencies initialized[39m[38;5;3m +0ms[39m
[32m[Nest] 23556  - [39m03:46:36 01/06/2026 [32m    LOG[39m [38;5;3m[InstanceLoader] [39m[32mBullModule dependencies initialized[39m[38;5;3m +2ms[39m
[32m[Nest] 23556  - [39m03:46:36 01/06/2026 [32m    LOG[39m [38;5;3m[InstanceLoader] [39m[32mOrdersModule dependencies initialized[39m[38;5;3m +1ms[39m
[32m[Nest] 23556  - [39m03:46:36 01/06/2026 [32m    LOG[39m [38;5;3m[RoutesResolver] [39m[32mAppController {/}:[39m[38;5;3m +4ms[39m
[32m[Nest] 23556  - [39m03:46:36 01/06/2026 [32m    LOG[39m [38;5;3m[RouterExplorer] [39m[32mMapped {/, GET} route[39m[38;5;3m +2ms[39m
[32m[Nest] 23556  - [39m03:46:36 01/06/2026 [32m    LOG[39m [38;5;3m[RoutesResolver] [39m[32mBranchesController {/branches}:[39m[38;5;3m +0ms[39m
[32m[Nest] 23556  - [39m03:46:36 01/06/2026 [32m    LOG[39m [38;5;3m[RouterExplorer] [39m[32mMapped {/branches, POST} route[39m[38;5;3m +1ms[39m
[32m[Nest] 23556  - [39m03:46:36 01/06/2026 [32m    LOG[39m [38;5;3m[RouterExplorer] [39m[32mMapped {/branches, GET} route[39m[38;5;3m +0ms[39m
[32m[Nest] 23556  - [39m03:46:36 01/06/2026 [32m    LOG[39m [38;5;3m[RouterExplorer] [39m[32mMapped {/branches/:id, GET} route[39m[38;5;3m +1ms[39m
[32m[Nest] 23556  - [39m03:46:36 01/06/2026 [32m    LOG[39m [38;5;3m[RouterExplorer] [39m[32mMapped {/branches/:id, PATCH} route[39m[38;5;3m +1ms[39m
[32m[Nest] 23556  - [39m03:46:36 01/06/2026 [32m    LOG[39m [38;5;3m[RouterExplorer] [39m[32mMapped {/branches/:id, DELETE} route[39m[38;5;3m +0ms[39m
[32m[Nest] 23556  - [39m03:46:36 01/06/2026 [32m    LOG[39m [38;5;3m[RouterExplorer] [39m[32mMapped {/branches/:branchId/employees, POST} route[39m[38;5;3m +0ms[39m
[32m[Nest] 23556  - [39m03:46:36 01/06/2026 [32m    LOG[39m [38;5;3m[RouterExplorer] [39m[32mMapped {/branches/:branchId/employees, GET} route[39m[38;5;3m +1ms[39m
[32m[Nest] 23556  - [39m03:46:36 01/06/2026 [32m    LOG[39m [38;5;3m[RouterExplorer] [39m[32mMapped {/branches/employees/:employeeId, PATCH} route[39m[38;5;3m +0ms[39m
[32m[Nest] 23556  - [39m03:46:36 01/06/2026 [32m    LOG[39m [38;5;3m[RouterExplorer] [39m[32mMapped {/branches/employees/:employeeId, DELETE} route[39m[38;5;3m +1ms[39m
[32m[Nest] 23556  - [39m03:46:36 01/06/2026 [32m    LOG[39m [38;5;3m[RoutesResolver] [39m[32mMenuController {/branches/:branchId/menu}:[39m[38;5;3m +0ms[39m
[32m[Nest] 23556  - [39m03:46:36 01/06/2026 [32m    LOG[39m [38;5;3m[RouterExplorer] [39m[32mMapped {/branches/:branchId/menu/categories, POST} route[39m[38;5;3m +0ms[39m
[32m[Nest] 23556  - [39m03:46:36 01/06/2026 [32m    LOG[39m [38;5;3m[RouterExplorer] [39m[32mMapped {/branches/:branchId/menu/categories, GET} route[39m[38;5;3m +0ms[39m
[32m[Nest] 23556  - [39m03:46:36 01/06/2026 [32m    LOG[39m [38;5;3m[RouterExplorer] [39m[32mMapped {/branches/:branchId/menu/categories/:categoryId, PATCH} route[39m[38;5;3m +1ms[39m
[32m[Nest] 23556  - [39m03:46:36 01/06/2026 [32m    LOG[39m [38;5;3m[RouterExplorer] [39m[32mMapped {/branches/:branchId/menu/categories/:categoryId, DELETE} route[39m[38;5;3m +0ms[39m
[32m[Nest] 23556  - [39m03:46:36 01/06/2026 [32m    LOG[39m [38;5;3m[RouterExplorer] [39m[32mMapped {/branches/:branchId/menu/items, POST} route[39m[38;5;3m +0ms[39m
[32m[Nest] 23556  - [39m03:46:36 01/06/2026 [32m    LOG[39m [38;5;3m[RouterExplorer] [39m[32mMapped {/branches/:branchId/menu/items, GET} route[39m[38;5;3m +1ms[39m
[32m[Nest] 23556  - [39m03:46:36 01/06/2026 [32m    LOG[39m [38;5;3m[RouterExplorer] [39m[32mMapped {/branches/:branchId/menu/items/:itemId, PATCH} route[39m[38;5;3m +0ms[39m
[32m[Nest] 23556  - [39m03:46:36 01/06/2026 [32m    LOG[39m [38;5;3m[RouterExplorer] [39m[32mMapped {/branches/:branchId/menu/items/:itemId, DELETE} route[39m[38;5;3m +0ms[39m
[32m[Nest] 23556  - [39m03:46:36 01/06/2026 [32m    LOG[39m [38;5;3m[RoutesResolver] [39m[32mOrdersController {/orders}:[39m[38;5;3m +1ms[39m
[32m[Nest] 23556  - [39m03:46:36 01/06/2026 [32m    LOG[39m [38;5;3m[RouterExplorer] [39m[32mMapped {/orders, POST} route[39m[38;5;3m +0ms[39m
[32m[Nest] 23556  - [39m03:46:36 01/06/2026 [32m    LOG[39m [38;5;3m[RouterExplorer] [39m[32mMapped {/orders, GET} route[39m[38;5;3m +0ms[39m
[32m[Nest] 23556  - [39m03:46:36 01/06/2026 [32m    LOG[39m [38;5;3m[RouterExplorer] [39m[32mMapped {/orders/:id, GET} route[39m[38;5;3m +0ms[39m
[32m[Nest] 23556  - [39m03:46:36 01/06/2026 [32m    LOG[39m [38;5;3m[RouterExplorer] [39m[32mMapped {/orders/:id/status, PATCH} route[39m[38;5;3m +1ms[39m
[32m[Nest] 23556  - [39m03:46:36 01/06/2026 [32m    LOG[39m [38;5;3m[RouterExplorer] [39m[32mMapped {/orders/:id/payment, PATCH} route[39m[38;5;3m +0ms[39m
[32m[Nest] 23556  - [39m03:46:36 01/06/2026 [32m    LOG[39m [38;5;3m[RoutesResolver] [39m[32mCustomersController {/customers}:[39m[38;5;3m +0ms[39m
[32m[Nest] 23556  - [39m03:46:36 01/06/2026 [32m    LOG[39m [38;5;3m[RouterExplorer] [39m[32mMapped {/customers, POST} route[39m[38;5;3m +0ms[39m
[32m[Nest] 23556  - [39m03:46:36 01/06/2026 [32m    LOG[39m [38;5;3m[RouterExplorer] [39m[32mMapped {/customers, GET} route[39m[38;5;3m +0ms[39m
[32m[Nest] 23556  - [39m03:46:36 01/06/2026 [32m    LOG[39m [38;5;3m[RouterExplorer] [39m[32mMapped {/customers/:id, GET} route[39m[38;5;3m +1ms[39m
[32m[Nest] 23556  - [39m03:46:36 01/06/2026 [32m    LOG[39m [38;5;3m[RouterExplorer] [39m[32mMapped {/customers/:id, PATCH} route[39m[38;5;3m +0ms[39m
[32m[Nest] 23556  - [39m03:46:36 01/06/2026 [32m    LOG[39m [38;5;3m[RouterExplorer] [39m[32mMapped {/customers/:id, DELETE} route[39m[38;5;3m +0ms[39m
[32m[Nest] 23556  - [39m03:46:36 01/06/2026 [32m    LOG[39m [38;5;3m[RoutesResolver] [39m[32mLoyaltyController {/loyalty}:[39m[38;5;3m +0ms[39m
[32m[Nest] 23556  - [39m03:46:36 01/06/2026 [32m    LOG[39m [38;5;3m[RouterExplorer] [39m[32mMapped {/loyalty/tiers, POST} route[39m[38;5;3m +1ms[39m
[32m[Nest] 23556  - [39m03:46:36 01/06/2026 [32m    LOG[39m [38;5;3m[RouterExplorer] [39m[32mMapped {/loyalty/tiers, GET} route[39m[38;5;3m +0ms[39m
[32m[Nest] 23556  - [39m03:46:36 01/06/2026 [32m    LOG[39m [38;5;3m[RouterExplorer] [39m[32mMapped {/loyalty/tiers/:tierId, PATCH} route[39m[38;5;3m +0ms[39m
[32m[Nest] 23556  - [39m03:46:36 01/06/2026 [32m    LOG[39m [38;5;3m[RouterExplorer] [39m[32mMapped {/loyalty/tiers/:tierId, DELETE} route[39m[38;5;3m +0ms[39m
[32m[Nest] 23556  - [39m03:46:36 01/06/2026 [32m    LOG[39m [38;5;3m[RouterExplorer] [39m[32mMapped {/loyalty/accounts/by-customer/:customerId, GET} route[39m[38;5;3m +1ms[39m
[32m[Nest] 23556  - [39m03:46:36 01/06/2026 [32m    LOG[39m [38;5;3m[RouterExplorer] [39m[32mMapped {/loyalty/accounts/:accountId, GET} route[39m[38;5;3m +0ms[39m
[32m[Nest] 23556  - [39m03:46:36 01/06/2026 [32m    LOG[39m [38;5;3m[RouterExplorer] [39m[32mMapped {/loyalty/accounts/:accountId/tier, PATCH} route[39m[38;5;3m +0ms[39m
[32m[Nest] 23556  - [39m03:46:36 01/06/2026 [32m    LOG[39m [38;5;3m[RouterExplorer] [39m[32mMapped {/loyalty/accounts/:accountId/transactions, GET} route[39m[38;5;3m +0ms[39m
[32m[Nest] 23556  - [39m03:46:36 01/06/2026 [32m    LOG[39m [38;5;3m[RouterExplorer] [39m[32mMapped {/loyalty/accounts/:accountId/transactions, POST} route[39m[38;5;3m +0ms[39m
[32m[Nest] 23556  - [39m03:46:36 01/06/2026 [32m    LOG[39m [38;5;3m[RoutesResolver] [39m[32mReportsController {/reports}:[39m[38;5;3m +0ms[39m
[32m[Nest] 23556  - [39m03:46:36 01/06/2026 [32m    LOG[39m [38;5;3m[RouterExplorer] [39m[32mMapped {/reports/branches/:branchId/revenue, GET} route[39m[38;5;3m +1ms[39m
[32m[Nest] 23556  - [39m03:46:36 01/06/2026 [32m    LOG[39m [38;5;3m[RouterExplorer] [39m[32mMapped {/reports/system/revenue, GET} route[39m[38;5;3m +0ms[39m
[32m[Nest] 23556  - [39m03:46:36 01/06/2026 [32m    LOG[39m [38;5;3m[NestApplication] [39m[32mNest application successfully started[39m[38;5;3m +75ms[39m
Application is running on: http://localhost:3001
[32m[Nest] 23556  - [39m03:46:48 01/06/2026 [32m    LOG[39m [38;5;3m[OrderEventsProcessor] [39m[32mProcessed order.created orderId=cmpu92y7800046cbke97qcgik branchId=cmpu92xbs00006cbkh27opa03 total=24000 itemCount=1 points=0[39m
